// Vitest Snapshot v1, https://vitest.dev/guide/snapshot.html

exports[`Row and Col (Vue) > Snapshots > should match snapshot for basic grid 1`] = `
<div
  class="flex flex-wrap items-start justify-start"
>
  <div
    class="w-[50%]"
  >
    Left
  </div>
  <div
    class="w-[50%]"
  >
    Right
  </div>
</div>
`;

exports[`Row and Col (Vue) > Snapshots > should match snapshot for complex grid 1`] = `
<div
  class="flex flex-wrap items-center justify-start"
  style="margin: -8px;"
>
  <div
    class="w-[33.333333%] ml-[8.333333%]"
    style="padding: 8px;"
  >
    Col 1
  </div>
  <div
    class="w-[50%]"
    style="padding: 8px;"
  >
    Col 2
  </div>
</div>
`;
