// Vitest Snapshot v1, https://vitest.dev/guide/snapshot.html

exports[`Link (React) > Snapshots > should match snapshot for default link 1`] = `
<a
  class="inline-flex items-center transition-colors focus:outline-none focus:ring-2 focus:ring-offset-2 cursor-pointer no-underline text-[var(--tiger-primary,#2563eb)] hover:text-[var(--tiger-primary-hover,#1d4ed8)] focus:ring-[var(--tiger-primary,#2563eb)] disabled:text-[var(--tiger-primary-disabled,#93c5fd)] text-base hover:underline"
  href="https://example.com"
>
  Default Link
</a>
`;

exports[`Link (React) > Snapshots > should match snapshot for disabled link 1`] = `
<a
  aria-disabled="true"
  class="inline-flex items-center transition-colors focus:outline-none focus:ring-2 focus:ring-offset-2 cursor-pointer no-underline text-[var(--tiger-primary,#2563eb)] hover:text-[var(--tiger-primary-hover,#1d4ed8)] focus:ring-[var(--tiger-primary,#2563eb)] disabled:text-[var(--tiger-primary-disabled,#93c5fd)] text-base hover:underline cursor-not-allowed opacity-60 pointer-events-none"
>
  Disabled Link
</a>
`;
